Microchip MPLAB XC8 Compiler V2.40

Linker command line:

-W-3 \
  --edf=C:\Program Files\Microchip\xc8\v2.40\pic\dat\20220703182018_en.msgs \
  -cn \
  -h+dist/default/debug\mini-project-energy-saving-areeb-atulit.X.debug.sym \
  --cmf=dist/default/debug\mini-project-energy-saving-areeb-atulit.X.debug.cmf \
  -z -Q18F67K40 -oC:\Users\areeb\AppData\Local\Temp\xcAsc6k.5 \
  --defsym=__MPLAB_BUILD=1 --fixupoverflow=error \
  -Mdist/default/debug/mini-project-energy-saving-areeb-atulit.X.debug.map \
  --md=C:\Users\areeb\AppData\Local\Temp\xcAsc6k.dat -E1 -ver=XC8 Compiler \
  --acfsm=1493 -ACODE=00h-01FFFFh -ACONST=00h-01FFFFh \
  -ASMALLCONST=0E00h-0EFFhx498 -AMEDIUMCONST=0E00h-0FFFFh,010E00h-01FFFFh \
  -ACOMRAM=01h-05Fh -AABS1=00h-0DE9h -ABIGRAM=01h-0DE9h \
  -ARAM=060h-0FFh,0100h-01FFhx12,0D00h-0DE9h -ABANK0=060h-0FFh \
  -ABANK1=0100h-01FFh -ABANK2=0200h-02FFh -ABANK3=0300h-03FFh \
  -ABANK4=0400h-04FFh -ABANK5=0500h-05FFh -ABANK6=0600h-06FFh \
  -ABANK7=0700h-07FFh -ABANK8=0800h-08FFh -ABANK9=0900h-09FFh \
  -ABANK10=0A00h-0AFFh -ABANK11=0B00h-0BFFh -ABANK12=0C00h-0CFFh \
  -ABANK13=0D00h-0DE9h \
  -ASFR=0DEFh-0DFFh,0E00h-0EFFh,0F00h-0F5Fh,0F60h-0FFFh \
  -ABIGSFR=0DEFh-0FFFh -ACONFIG=0300000h-030000Bh -AIDLOC=0200000h-020000Fh \
  -AEEDATA=0310000h-03103FFh -peeprom_data=EEDATA \
  -preset_vec=00h,intcode=08h,intcodelo=018h,powerup,init -pramtop=0E00h \
  -psmallconst=SMALLCONST -pmediumconst=MEDIUMCONST -pconst=CONST \
  -AFARRAM=00h-00h \
  -prdata=COMRAM,nvrram=COMRAM,nvbit=COMRAM,rbss=COMRAM,rbit=COMRAM \
  -pfarbss=FARRAM,fardata=FARRAM,nvFARRAM=FARRAM \
  -pintsave_regs=BIGRAM,bigbss=BIGRAM,bigdata=BIGRAM -pbss=RAM \
  -pidata=CODE,irdata=CODE,ibigdata=CODE,ifardata=CODE -prparam=COMRAM \
  C:\Users\areeb\AppData\Local\Temp\xcAsc6k.o \
  dist/default/debug\mini-project-energy-saving-areeb-atulit.X.debug.o 

Object code version is 3.11

Machine type is 18F67K40



                Name                               Link     Load   Length Selector   Space Scale
C:\Users\areeb\AppData\Local\Temp\xcAsc6k.o
                idloc                            200000   200000       10        0       5
                config                           300000   300000        C        0       4
                init                                 8A       8A        4        C       0
                reset_vec                             0        0        6        0       0
dist/default/debug\mini-project-energy-saving-areeb-atulit.X.debug.o
                intcodelo                            18       18       72        C       0
                intcode                               8        8        6        4       0
                idloc                            200000   200000       10        0       5
                config                           300000   300000        C        0       4
                temp                                 18       18        1        1       1
                smallconst                          E00      E00       80      700       0
                intcode_body                        ED8      ED8       3C      740       0
                text0                               E80      E80       58      740       0
                cstackCOMRAM                         11       11        7        1       1
                bssCOMRAM                             1        1       10        1       1
                cinit                               F14      F14       1E      740       0

TOTAL           Name                               Link     Load   Length     Space
        CLASS   CODE           
                intcodelo                            18       18       72         0
                intcode                               8        8        6         0
                init                                 8A       8A        4         0
                reset_vec                             0        0        6         0
                intcode_body                        ED8      ED8       3C         0
                text0                               E80      E80       58         0
                cinit                               F14      F14       1E         0

        CLASS   CONST          

        CLASS   SMALLCONST     
                smallconst                          E00      E00       80         0

        CLASS   MEDIUMCONST    

        CLASS   COMRAM         
                temp                                 18       18        1         1
                cstackCOMRAM                         11       11        7         1
                bssCOMRAM                             1        1       10         1

        CLASS   ABS1           

        CLASS   BIGRAM         

        CLASS   RAM            

        CLASS   BANK0          

        CLASS   BANK1          

        CLASS   BANK2          

        CLASS   BANK3          

        CLASS   BANK4          

        CLASS   BANK5          

        CLASS   BANK6          

        CLASS   BANK7          

        CLASS   BANK8          

        CLASS   BANK9          

        CLASS   BANK10         

        CLASS   BANK11         

        CLASS   BANK12         

        CLASS   BANK13         

        CLASS   SFR            

        CLASS   BIGSFR         

        CLASS   CONFIG         
                config                           300000   300000        C         4

        CLASS   IDLOC          
                idloc                            200000   200000       10         5

        CLASS   EEDATA         

        CLASS   FARRAM         

        CLASS   HEAP           

        CLASS   STACK          



SEGMENTS        Name                           Load    Length   Top    Selector   Space  Class

                reset_vec                      000000  000006  000006         0       0  CODE    
                bssCOMRAM                      000001  000018  000019         1       1  COMRAM  
                intcode                        000008  000006  00000E         4       0  CODE    
                intcodelo                      000018  000076  00008E         C       0  CODE    
                smallconst                     000E00  000080  000E80       700       0  SMALLCON
                text0                          000E80  0000B2  000F32       740       0  CODE    


UNUSED ADDRESS RANGES

        Name                Unused          Largest block    Delta
        BANK0            000060-0000FF               A0
        BANK1            000100-0001FF              100
        BANK10           000A00-000AFF              100
        BANK11           000B00-000BFF              100
        BANK12           000C00-000CFF              100
        BANK13           000D00-000DE9               EA
        BANK2            000200-0002FF              100
        BANK3            000300-0003FF              100
        BANK4            000400-0004FF              100
        BANK5            000500-0005FF              100
        BANK6            000600-0006FF              100
        BANK7            000700-0007FF              100
        BANK8            000800-0008FF              100
        BANK9            000900-0009FF              100
        BIGRAM           000019-000DE9              DD1
        BIGSFR           000DEF-000FFF              211
        CODE             000006-000007                2
                         00000E-000017                A
                         00008E-000DFF              D72
                         000F32-01FFFF            1F0CE
        COMRAM           000019-00005F               47
        CONST            000006-000007                2
                         00000E-000017                A
                         00008E-000DFF              D72
                         000F32-01FFFF            1F0CE
        EEDATA           310000-3103FF              400
        MEDIUMCONST      000F32-00FFFF             F0CE
                         010E00-01FFFF             F200
        RAM              000060-000DE9              100
        SFR              000DEF-000FFF              100
        SMALLCONST       000F32-01FFFF              100

                                  Symbol Table

_ADCON0bits               (abs)        000F60
_ADPCH                    (abs)        000F5F
_ADREFbits                (abs)        000F58
_ADRESH                   (abs)        000F64
_ANSELAbits               (abs)        000E92
_CM1CON0bits              (abs)        000ED0
_CM1CON1bits              (abs)        000ED1
_CM1NCHbits               (abs)        000ED2
_CM1PCHbits               (abs)        000ED3
_DAC1CON0bits             (abs)        000EC6
_DAC1CON1bits             (abs)        000EC7
_HighISR                  intcode      000008
_INTCONbits               (abs)        000FF2
_IPR0bits                 (abs)        000E1F
_IPR2bits                 (abs)        000E21
_LATAbits                 (abs)        000F79
_LATBbits                 (abs)        000F7A
_LATDbits                 (abs)        000F7C
_LATFbits                 (abs)        000F7E
_LATGbits                 (abs)        000F7F
_LATHbits                 (abs)        000F80
_LowISR                   intcodelo    000018
_PIE0bits                 (abs)        000E29
_PIE2bits                 (abs)        000E2B
_PIR0bits                 (abs)        000E33
_PIR2bits                 (abs)        000E35
_T0CON0bits               (abs)        000FD5
_T0CON1bits               (abs)        000FD6
_TMR0H                    (abs)        000FD4
_TMR0L                    (abs)        000FD3
_TRISAbits                (abs)        000F81
_TRISBbits                (abs)        000F82
_TRISDbits                (abs)        000F84
_TRISFbits                (abs)        000F86
_TRISGbits                (abs)        000F87
_TRISHbits                (abs)        000F88
__HRAM                    (abs)        000000
__Habs1                   abs1         000000
__Hbank0                  bank0        000000
__Hbank1                  bank1        000000
__Hbank10                 bank10       000000
__Hbank11                 bank11       000000
__Hbank12                 bank12       000000
__Hbank13                 bank13       000000
__Hbank2                  bank2        000000
__Hbank3                  bank3        000000
__Hbank4                  bank4        000000
__Hbank5                  bank5        000000
__Hbank6                  bank6        000000
__Hbank7                  bank7        000000
__Hbank8                  bank8        000000
__Hbank9                  bank9        000000
__Hbigbss                 bigbss       000000
__Hbigdata                bigdata      000000
__Hbigram                 bigram       000000
__Hbigsfr                 bigsfr       000000
__Hbss                    bss          000000
__HbssCOMRAM              bssCOMRAM    000000
__Hcinit                  cinit        000000
__Hclrtext                clrtext      000000
__Hcomram                 comram       000000
__Hconfig                 config       30000C
__Hconst                  const        000000
__HcstackCOMRAM           cstackCOMRAM 000000
__Hdata                   data         000000
__Heeprom_data            eeprom_data  000000
__Hfarbss                 farbss       000000
__Hfardata                fardata      000000
__Hheap                   heap         000000
__Hibigdata               ibigdata     000000
__Hidata                  idata        000000
__Hidloc                  idloc        200010
__Hifardata               ifardata     000000
__Hinit                   init         00008E
__Hintcode                intcode      00000E
__Hintcode_body           intcode_body 000000
__Hintcodelo              intcodelo    00008A
__Hintentry               intentry     000000
__Hintret                 intret       000000
__Hintsave_regs           intsave_regs 000000
__Hirdata                 irdata       000000
__Hmediumconst            mediumconst  000000
__HnvFARRAM               nvFARRAM     000000
__Hnvbit                  nvbit        000000
__Hnvrram                 nvrram       000000
__Hparam                  rparam       000000
__Hpowerup                powerup      00008A
__Hram                    ram          000000
__Hramtop                 ramtop       000E00
__Hrbit                   rbit         000000
__Hrbss                   rbss         000000
__Hrdata                  rdata        000000
__Hreset_vec              reset_vec    000006
__Hrparam                 rparam       000000
__Hsfr                    sfr          000000
__Hsmallconst             smallconst   000E80
__Hspace_0                (abs)        000F32
__Hspace_1                (abs)        000019
__Hspace_2                (abs)        000000
__Hspace_4                (abs)        60000C
__Hstack                  stack        000000
__Hstruct                 struct       000000
__Htemp                   temp         000019
__Htext                   text         000000
__Htext0                  text0        000000
__LRAM                    (abs)        000001
__Labs1                   abs1         000000
__Lbank0                  bank0        000000
__Lbank1                  bank1        000000
__Lbank10                 bank10       000000
__Lbank11                 bank11       000000
__Lbank12                 bank12       000000
__Lbank13                 bank13       000000
__Lbank2                  bank2        000000
__Lbank3                  bank3        000000
__Lbank4                  bank4        000000
__Lbank5                  bank5        000000
__Lbank6                  bank6        000000
__Lbank7                  bank7        000000
__Lbank8                  bank8        000000
__Lbank9                  bank9        000000
__Lbigbss                 bigbss       000000
__Lbigdata                bigdata      000000
__Lbigram                 bigram       000000
__Lbigsfr                 bigsfr       000000
__Lbss                    bss          000000
__LbssCOMRAM              bssCOMRAM    000000
__Lcinit                  cinit        000000
__Lclrtext                clrtext      000000
__Lcomram                 comram       000000
__Lconfig                 config       000000
__Lconst                  const        000000
__LcstackCOMRAM           cstackCOMRAM 000000
__Ldata                   data         000000
__Leeprom_data            eeprom_data  000000
__Lfarbss                 farbss       000000
__Lfardata                fardata      000000
__Lheap                   heap         000000
__Libigdata               ibigdata     000000
__Lidata                  idata        000000
__Lidloc                  idloc        000000
__Lifardata               ifardata     000000
__Linit                   init         00008A
__Lintcode                intcode      000008
__Lintcode_body           intcode_body 000000
__Lintcodelo              intcodelo    000018
__Lintentry               intentry     000000
__Lintret                 intret       000000
__Lintsave_regs           intsave_regs 000000
__Lirdata                 irdata       000000
__Lmediumconst            mediumconst  000000
__LnvFARRAM               nvFARRAM     000000
__Lnvbit                  nvbit        000000
__Lnvrram                 nvrram       000000
__Lparam                  rparam       000000
__Lpowerup                powerup      00008A
__Lram                    ram          000000
__Lramtop                 ramtop       000E00
__Lrbit                   rbit         000000
__Lrbss                   rbss         000000
__Lrdata                  rdata        000000
__Lreset_vec              reset_vec    000000
__Lrparam                 rparam       000000
__Lsfr                    sfr          000000
__Lsmallconst             smallconst   000E00
__Lspace_0                (abs)        000000
__Lspace_1                (abs)        000000
__Lspace_2                (abs)        000000
__Lspace_4                (abs)        000000
__Lstack                  stack        000000
__Lstruct                 struct       000000
__Ltemp                   temp         000018
__Ltext                   text         000000
__Ltext0                  text0        000000
__S0                      (abs)        000F32
__S1                      (abs)        000019
__S4                      (abs)        000000
__S5                      (abs)        000000
___heap_hi                (abs)        000000
___heap_lo                (abs)        000000
___inthi_sp               stack        000000
___intlo_sp               stack        000000
___param_bank             (abs)        000000
___rparam_used            (abs)        000001
___sp                     stack        000000
__accesstop               (abs)        000060
__activetblptr            (abs)        000001
__end_of_HighISR          intcode_body 000F14
__end_of_L1               smallconst   000E5D
__end_of_L2               smallconst   000E59
__end_of_L3               smallconst   000E55
__end_of_L4               smallconst   000E51
__end_of_L5               smallconst   000E4D
__end_of_L6               smallconst   000E49
__end_of_LowISR           intcodelo    00008A
__end_of_P1               smallconst   000E45
__end_of_P2               smallconst   000E41
__end_of_P3               smallconst   000E3D
__end_of_P4               smallconst   000E39
__end_of_P5               smallconst   000E35
__end_of__initialization  cinit        000F20
__end_of_bp               smallconst   000E71
__end_of_cp               smallconst   000E21
__end_of_cp_h             smallconst   000E7D
__end_of_cp_l             smallconst   000E79
__end_of_dp_h             smallconst   000E11
__end_of_dp_l             smallconst   000E09
__end_of_huge             smallconst   000E65
__end_of_ivln2            smallconst   000E1D
__end_of_ivln2_h          smallconst   000E75
__end_of_ivln2_l          smallconst   000E19
__end_of_lg2              smallconst   000E31
__end_of_lg2_h            smallconst   000E2D
__end_of_lg2_l            smallconst   000E29
__end_of_main             text0        000ED8
__end_of_ovt              smallconst   000E25
__end_of_tiny             smallconst   000E61
__end_of_tiny@sqrtf$F1826 smallconst   000E15
__end_of_two24            smallconst   000E69
__initialization          cinit        000F14
__mediumconst             mediumconst  000000
__pbssCOMRAM              bssCOMRAM    000001
__pcinit                  cinit        000F14
__pcstackCOMRAM           cstackCOMRAM 000011
__pintcode                intcode      000008
__pintcode_body           intcode_body 000ED8
__pintcodelo              intcodelo    000018
__psmallconst             smallconst   000E00
__ptext0                  text0        000E80
__ramtop                  ramtop       000E00
__smallconst              smallconst   000E00
_day                      bssCOMRAM    00000B
_errno                    bssCOMRAM    000005
_hour                     bssCOMRAM    00000D
_main                     text0        000E80
_seconds                  bssCOMRAM    00000F
_week                     bssCOMRAM    000009
_year                     bssCOMRAM    000007
btemp                     temp         000018
end_of_initialization     cinit        000F20
int$flags                 temp         000018
int_func                  intcode_body 000ED8
intlevel0                 text         000000
intlevel1                 text         000000
intlevel2                 text         000000
intlevel3                 text         000000
isa$std                   (abs)        000001
isa$xinst                 (abs)        000000
main@a                    cstackCOMRAM 000016
stackhi                   (abs)        000000
stacklo                   (abs)        000000
start                     init         00008A
start_initialization      cinit        000F14
ttemp5                    temp         000019
ttemp6                    temp         00001C
ttemp7                    temp         000020
wtemp8                    temp         000019


MODULE INFORMATION

Module		Function		Class		Link	Load	Size
interrupts.c
		_LowISR        		CODE           	0018	0000	114
		_HighISR       		CODE           	0008	0000	66

interrupts.c estimated size: 180

shared
		_L5            		SMALLCONST     	0000	0000	0
		_P3            		SMALLCONST     	0000	0000	0
		_L6            		SMALLCONST     	0000	0000	0
		_P4            		SMALLCONST     	0000	0000	0
		_P5            		SMALLCONST     	0000	0000	0
		_lg2_l         		SMALLCONST     	0000	0000	0
		_ivln2_l       		SMALLCONST     	0000	0000	0
		_ivln2         		SMALLCONST     	0000	0000	0
		__initialization		CODE           	0F14	0000	12
		_bp            		SMALLCONST     	0000	0000	0
		_cp            		SMALLCONST     	0000	0000	0
		_cp_h          		SMALLCONST     	0000	0000	0
		_dp_h          		SMALLCONST     	0000	0000	0
		_lg2           		SMALLCONST     	0000	0000	0
		_tiny@sqrtf$F1826		SMALLCONST     	0000	0000	0
		_lg2_h         		SMALLCONST     	0000	0000	0
		_ivln2_h       		SMALLCONST     	0000	0000	0
		_tiny          		SMALLCONST     	0000	0000	0
		_ovt           		SMALLCONST     	0000	0000	0
		_huge          		SMALLCONST     	0000	0000	0
		_two24         		SMALLCONST     	0000	0000	0
		_cp_l          		SMALLCONST     	0000	0000	0
		_dp_l          		SMALLCONST     	0000	0000	0
		_L1            		SMALLCONST     	0000	0000	0
		_L2            		SMALLCONST     	0000	0000	0
		_L3            		SMALLCONST     	0000	0000	0
		_P1            		SMALLCONST     	0000	0000	0
		_L4            		SMALLCONST     	0000	0000	0
		_P2            		SMALLCONST     	0000	0000	0

shared estimated size: 12

main.c
		_main          		CODE           	0E80	0000	88

main.c estimated size: 88

