Microchip MPLAB XC8 Compiler V2.40

Linker command line:

-W-3 \
  --edf=C:\Program Files\Microchip\xc8\v2.40\pic\dat\20220703182018_en.msgs \
  -cn \
  -h+dist/default/production\mini-project-energy-saving-areeb-atulit.X.production.sym \
  --cmf=dist/default/production\mini-project-energy-saving-areeb-atulit.X.production.cmf \
  -z -Q18F67K40 -oC:\Users\areeb\AppData\Local\Temp\xcAsf34.4 \
  --defsym=__MPLAB_BUILD=1 --fixupoverflow=error \
  -Mdist/default/production/mini-project-energy-saving-areeb-atulit.X.production.map \
  --md=C:\Users\areeb\AppData\Local\Temp\xcAsf34.dat -E1 -ver=XC8 Compiler \
  --acfsm=1493 -ACODE=00h-01FFFFh -ACONST=00h-01FFFFh \
  -ASMALLCONST=0E00h-0EFFhx498 -AMEDIUMCONST=0E00h-0FFFFh,010E00h-01FFFFh \
  -ACOMRAM=01h-05Fh -AABS1=00h-0DE9h -ABIGRAM=01h-0DE9h \
  -ARAM=060h-0FFh,0100h-01FFhx12,0D00h-0DE9h -ABANK0=060h-0FFh \
  -ABANK1=0100h-01FFh -ABANK2=0200h-02FFh -ABANK3=0300h-03FFh \
  -ABANK4=0400h-04FFh -ABANK5=0500h-05FFh -ABANK6=0600h-06FFh \
  -ABANK7=0700h-07FFh -ABANK8=0800h-08FFh -ABANK9=0900h-09FFh \
  -ABANK10=0A00h-0AFFh -ABANK11=0B00h-0BFFh -ABANK12=0C00h-0CFFh \
  -ABANK13=0D00h-0DE9h \
  -ASFR=0DEFh-0DFFh,0E00h-0EFFh,0F00h-0F5Fh,0F60h-0FFFh \
  -ABIGSFR=0DEFh-0FFFh -ACONFIG=0300000h-030000Bh -AIDLOC=0200000h-020000Fh \
  -AEEDATA=0310000h-03103FFh -peeprom_data=EEDATA \
  -preset_vec=00h,intcode=08h,intcodelo,powerup,init -pramtop=0E00h \
  -psmallconst=SMALLCONST -pmediumconst=MEDIUMCONST -pconst=CONST \
  -AFARRAM=00h-00h \
  -prdata=COMRAM,nvrram=COMRAM,nvbit=COMRAM,rbss=COMRAM,rbit=COMRAM \
  -pfarbss=FARRAM,fardata=FARRAM,nvFARRAM=FARRAM \
  -pintsave_regs=BIGRAM,bigbss=BIGRAM,bigdata=BIGRAM -pbss=RAM \
  -pidata=CODE,irdata=CODE,ibigdata=CODE,ifardata=CODE -prparam=COMRAM \
  C:\Users\areeb\AppData\Local\Temp\xcAsf34.o \
  dist/default/production\mini-project-energy-saving-areeb-atulit.X.production.o 

Object code version is 3.11

Machine type is 18F67K40



                Name                               Link     Load   Length Selector   Space Scale
C:\Users\areeb\AppData\Local\Temp\xcAsf34.o
                idloc                            200000   200000       10        0       5
                config                           300000   300000        C        0       4
                init                                 46       46        4        4       0
                reset_vec                             0        0        4        0       0
dist/default/production\mini-project-energy-saving-areeb-atulit.X.production.o
                intcode                               8        8       3E        4       0
                idloc                            200000   200000       10        0       5
                config                           300000   300000        C        0       4
                temp                                 28       28        1        1       1
                smallconst                          E00      E00       80      700       0
                text9                              108C     108C       14      740       0
                text8                              1010     1010       24      740       0
                text7                               FEC      FEC       24      740       0
                text6                              10B2     10B2        C      740       0
                text5                               FC6      FC6       26      740       0
                text4                              1034     1034       20      740       0
                text3                              10A0     10A0       12      740       0
                text2                               E80      E80       E8      740       0
                text1                              1072     1072       1A      740       0
                text0                               F68      F68       5E      740       0
                cstackCOMRAM                          1        1       21        1       1
                bssCOMRAM                            22       22        6        1       1
                cinit                              1054     1054       1E      740       0

TOTAL           Name                               Link     Load   Length     Space
        CLASS   CODE           
                intcode                               8        8       3E         0
                init                                 46       46        4         0
                reset_vec                             0        0        4         0
                text9                              108C     108C       14         0
                text8                              1010     1010       24         0
                text7                               FEC      FEC       24         0
                text6                              10B2     10B2        C         0
                text5                               FC6      FC6       26         0
                text4                              1034     1034       20         0
                text3                              10A0     10A0       12         0
                text2                               E80      E80       E8         0
                text1                              1072     1072       1A         0
                text0                               F68      F68       5E         0
                cinit                              1054     1054       1E         0

        CLASS   CONST          

        CLASS   SMALLCONST     
                smallconst                          E00      E00       80         0

        CLASS   MEDIUMCONST    

        CLASS   COMRAM         
                temp                                 28       28        1         1
                cstackCOMRAM                          1        1       21         1
                bssCOMRAM                            22       22        6         1

        CLASS   ABS1           

        CLASS   BIGRAM         

        CLASS   RAM            

        CLASS   BANK0          

        CLASS   BANK1          

        CLASS   BANK2          

        CLASS   BANK3          

        CLASS   BANK4          

        CLASS   BANK5          

        CLASS   BANK6          

        CLASS   BANK7          

        CLASS   BANK8          

        CLASS   BANK9          

        CLASS   BANK10         

        CLASS   BANK11         

        CLASS   BANK12         

        CLASS   BANK13         

        CLASS   SFR            

        CLASS   BIGSFR         

        CLASS   CONFIG         
                config                           300000   300000        C         4

        CLASS   IDLOC          
                idloc                            200000   200000       10         5

        CLASS   EEDATA         

        CLASS   FARRAM         

        CLASS   HEAP           

        CLASS   STACK          



SEGMENTS        Name                           Load    Length   Top    Selector   Space  Class

                reset_vec                      000000  000004  000004         0       0  CODE    
                cstackCOMRAM                   000001  000028  000029         1       1  COMRAM  
                intcode                        000008  000042  00004A         4       0  CODE    
                smallconst                     000E00  000080  000E80       700       0  SMALLCON
                text2                          000E80  00023E  0010BE       740       0  CODE    


UNUSED ADDRESS RANGES

        Name                Unused          Largest block    Delta
        BANK0            000060-0000FF               A0
        BANK1            000100-0001FF              100
        BANK10           000A00-000AFF              100
        BANK11           000B00-000BFF              100
        BANK12           000C00-000CFF              100
        BANK13           000D00-000DE9               EA
        BANK2            000200-0002FF              100
        BANK3            000300-0003FF              100
        BANK4            000400-0004FF              100
        BANK5            000500-0005FF              100
        BANK6            000600-0006FF              100
        BANK7            000700-0007FF              100
        BANK8            000800-0008FF              100
        BANK9            000900-0009FF              100
        BIGRAM           000029-000DE9              DC1
        BIGSFR           000DEF-000FFF              211
        CODE             000004-000007                4
                         00004A-000DFF              DB6
                         0010BE-01FFFF            1EF42
        COMRAM           000029-00005F               37
        CONST            000004-000007                4
                         00004A-000DFF              DB6
                         0010BE-01FFFF            1EF42
        EEDATA           310000-3103FF              400
        MEDIUMCONST      0010BE-00FFFF             EF42
                         010E00-01FFFF             F200
        RAM              000060-000DE9              100
        SFR              000DEF-000FFF              100
        SMALLCONST       0010BE-01FFFF              100

                                  Symbol Table

?_get16bitTMR0val          cstackCOMRAM 000002
?_incrementseconds         cstackCOMRAM 00001C
LEDarray_disp_bin@ctr      cstackCOMRAM 00001A
LEDarray_disp_bin@led_arr  cstackCOMRAM 000006
LEDarray_disp_bin@mask     cstackCOMRAM 000018
LEDarray_disp_bin@number   cstackCOMRAM 000002
_ADCON0bits                (abs)        000F60
_ADPCH                     (abs)        000F5F
_ADREFbits                 (abs)        000F58
_ADRESH                    (abs)        000F64
_ANSELAbits                (abs)        000E92
_CM1CON0bits               (abs)        000ED0
_CM1CON1bits               (abs)        000ED1
_CM1NCHbits                (abs)        000ED2
_CM1PCHbits                (abs)        000ED3
_Comp1_init                text8        001010
_Comp1_inithigh            text7        000FEC
_DAC1CON0bits              (abs)        000EC6
_DAC1CON1bits              (abs)        000EC7
_DAC_init                  text9        00108C
_HighISR                   intcode      000008
_INTCONbits                (abs)        000FF2
_Interrupts_init           text6        0010B2
_LATAbits                  (abs)        000F79
_LATBbits                  (abs)        000F7A
_LATDbits                  (abs)        000F7C
_LATFbits                  (abs)        000F7E
_LATGbits                  (abs)        000F7F
_LATHbits                  (abs)        000F80
_LEDarray_disp_bin         text2        000E80
_LEDarray_init             text5        000FC6
_PIE2bits                  (abs)        000E2B
_PIR2bits                  (abs)        000E35
_T0CON0bits                (abs)        000FD5
_T0CON1bits                (abs)        000FD6
_TMR0H                     (abs)        000FD4
_TMR0L                     (abs)        000FD3
_TRISAbits                 (abs)        000F81
_TRISBbits                 (abs)        000F82
_TRISDbits                 (abs)        000F84
_TRISFbits                 (abs)        000F86
_TRISGbits                 (abs)        000F87
_TRISHbits                 (abs)        000F88
_Timer0_init               text4        001034
__HRAM                     (abs)        000000
__Habs1                    abs1         000000
__Hbank0                   bank0        000000
__Hbank1                   bank1        000000
__Hbank10                  bank10       000000
__Hbank11                  bank11       000000
__Hbank12                  bank12       000000
__Hbank13                  bank13       000000
__Hbank2                   bank2        000000
__Hbank3                   bank3        000000
__Hbank4                   bank4        000000
__Hbank5                   bank5        000000
__Hbank6                   bank6        000000
__Hbank7                   bank7        000000
__Hbank8                   bank8        000000
__Hbank9                   bank9        000000
__Hbigbss                  bigbss       000000
__Hbigdata                 bigdata      000000
__Hbigram                  bigram       000000
__Hbigsfr                  bigsfr       000000
__Hbss                     bss          000000
__HbssCOMRAM               bssCOMRAM    000000
__Hcinit                   cinit        000000
__Hclrtext                 clrtext      000000
__Hcomram                  comram       000000
__Hconfig                  config       30000C
__Hconst                   const        000000
__HcstackCOMRAM            cstackCOMRAM 000000
__Hdata                    data         000000
__Heeprom_data             eeprom_data  000000
__Hfarbss                  farbss       000000
__Hfardata                 fardata      000000
__Hheap                    heap         000000
__Hibigdata                ibigdata     000000
__Hidata                   idata        000000
__Hidloc                   idloc        200010
__Hifardata                ifardata     000000
__Hinit                    init         00004A
__Hintcode                 intcode      000046
__Hintcode_body            intcode_body 000000
__Hintcodelo               intcodelo    000046
__Hintentry                intentry     000000
__Hintret                  intret       000000
__Hintsave_regs            intsave_regs 000000
__Hirdata                  irdata       000000
__Hmediumconst             mediumconst  000000
__HnvFARRAM                nvFARRAM     000000
__Hnvbit                   nvbit        000000
__Hnvrram                  nvrram       000000
__Hparam                   rparam       000000
__Hpowerup                 powerup      000046
__Hram                     ram          000000
__Hramtop                  ramtop       000E00
__Hrbit                    rbit         000000
__Hrbss                    rbss         000000
__Hrdata                   rdata        000000
__Hreset_vec               reset_vec    000004
__Hrparam                  rparam       000000
__Hsfr                     sfr          000000
__Hsmallconst              smallconst   000E80
__Hspace_0                 (abs)        0010BE
__Hspace_1                 (abs)        000029
__Hspace_2                 (abs)        000000
__Hspace_4                 (abs)        60000C
__Hstack                   stack        000000
__Hstruct                  struct       000000
__Htemp                    temp         000029
__Htext                    text         000000
__Htext0                   text0        000000
__Htext1                   text1        000000
__Htext2                   text2        000000
__Htext3                   text3        000000
__Htext4                   text4        000000
__Htext5                   text5        000000
__Htext6                   text6        000000
__Htext7                   text7        000000
__Htext8                   text8        000000
__Htext9                   text9        000000
__LRAM                     (abs)        000001
__Labs1                    abs1         000000
__Lbank0                   bank0        000000
__Lbank1                   bank1        000000
__Lbank10                  bank10       000000
__Lbank11                  bank11       000000
__Lbank12                  bank12       000000
__Lbank13                  bank13       000000
__Lbank2                   bank2        000000
__Lbank3                   bank3        000000
__Lbank4                   bank4        000000
__Lbank5                   bank5        000000
__Lbank6                   bank6        000000
__Lbank7                   bank7        000000
__Lbank8                   bank8        000000
__Lbank9                   bank9        000000
__Lbigbss                  bigbss       000000
__Lbigdata                 bigdata      000000
__Lbigram                  bigram       000000
__Lbigsfr                  bigsfr       000000
__Lbss                     bss          000000
__LbssCOMRAM               bssCOMRAM    000000
__Lcinit                   cinit        000000
__Lclrtext                 clrtext      000000
__Lcomram                  comram       000000
__Lconfig                  config       000000
__Lconst                   const        000000
__LcstackCOMRAM            cstackCOMRAM 000000
__Ldata                    data         000000
__Leeprom_data             eeprom_data  000000
__Lfarbss                  farbss       000000
__Lfardata                 fardata      000000
__Lheap                    heap         000000
__Libigdata                ibigdata     000000
__Lidata                   idata        000000
__Lidloc                   idloc        000000
__Lifardata                ifardata     000000
__Linit                    init         000046
__Lintcode                 intcode      000008
__Lintcode_body            intcode_body 000000
__Lintcodelo               intcodelo    000046
__Lintentry                intentry     000000
__Lintret                  intret       000000
__Lintsave_regs            intsave_regs 000000
__Lirdata                  irdata       000000
__Lmediumconst             mediumconst  000000
__LnvFARRAM                nvFARRAM     000000
__Lnvbit                   nvbit        000000
__Lnvrram                  nvrram       000000
__Lparam                   rparam       000000
__Lpowerup                 powerup      000046
__Lram                     ram          000000
__Lramtop                  ramtop       000E00
__Lrbit                    rbit         000000
__Lrbss                    rbss         000000
__Lrdata                   rdata        000000
__Lreset_vec               reset_vec    000000
__Lrparam                  rparam       000000
__Lsfr                     sfr          000000
__Lsmallconst              smallconst   000E00
__Lspace_0                 (abs)        000000
__Lspace_1                 (abs)        000000
__Lspace_2                 (abs)        000000
__Lspace_4                 (abs)        000000
__Lstack                   stack        000000
__Lstruct                  struct       000000
__Ltemp                    temp         000028
__Ltext                    text         000000
__Ltext0                   text0        000000
__Ltext1                   text1        000000
__Ltext2                   text2        000000
__Ltext3                   text3        000000
__Ltext4                   text4        000000
__Ltext5                   text5        000000
__Ltext6                   text6        000000
__Ltext7                   text7        000000
__Ltext8                   text8        000000
__Ltext9                   text9        000000
__S0                       (abs)        0010BE
__S1                       (abs)        000029
__S4                       (abs)        000000
__S5                       (abs)        000000
___heap_hi                 (abs)        000000
___heap_lo                 (abs)        000000
___inthi_sp                stack        000000
___intlo_sp                stack        000000
___param_bank              (abs)        000000
___rparam_used             (abs)        000001
___sp                      stack        000000
__accesstop                (abs)        000060
__activetblptr             (abs)        000001
__end_of_Comp1_init        text8        001034
__end_of_Comp1_inithigh    text7        001010
__end_of_DAC_init          text9        0010A0
__end_of_HighISR           intcode      000046
__end_of_Interrupts_init   text6        0010BE
__end_of_L1                smallconst   000E5D
__end_of_L2                smallconst   000E59
__end_of_L3                smallconst   000E55
__end_of_L4                smallconst   000E51
__end_of_L5                smallconst   000E4D
__end_of_L6                smallconst   000E49
__end_of_LEDarray_disp_bin text2        000F68
__end_of_LEDarray_init     text5        000FEC
__end_of_P1                smallconst   000E45
__end_of_P2                smallconst   000E41
__end_of_P3                smallconst   000E3D
__end_of_P4                smallconst   000E39
__end_of_P5                smallconst   000E35
__end_of_Timer0_init       text4        001054
__end_of__initialization   cinit        001060
__end_of_bp                smallconst   000E71
__end_of_cp                smallconst   000E21
__end_of_cp_h              smallconst   000E7D
__end_of_cp_l              smallconst   000E79
__end_of_dp_h              smallconst   000E11
__end_of_dp_l              smallconst   000E09
__end_of_get16bitTMR0val   text3        0010B2
__end_of_huge              smallconst   000E65
__end_of_incrementseconds  text1        00108C
__end_of_ivln2             smallconst   000E1D
__end_of_ivln2_h           smallconst   000E75
__end_of_ivln2_l           smallconst   000E19
__end_of_lg2               smallconst   000E31
__end_of_lg2_h             smallconst   000E2D
__end_of_lg2_l             smallconst   000E29
__end_of_main              text0        000FC6
__end_of_ovt               smallconst   000E25
__end_of_tiny              smallconst   000E61
__end_of_tiny@sqrtf$F1665  smallconst   000E15
__end_of_two24             smallconst   000E69
__initialization           cinit        001054
__mediumconst              mediumconst  000000
__pbssCOMRAM               bssCOMRAM    000022
__pcinit                   cinit        001054
__pcstackCOMRAM            cstackCOMRAM 000001
__pintcode                 intcode      000008
__psmallconst              smallconst   000E00
__ptext0                   text0        000F68
__ptext1                   text1        001072
__ptext2                   text2        000E80
__ptext3                   text3        0010A0
__ptext4                   text4        001034
__ptext5                   text5        000FC6
__ptext6                   text6        0010B2
__ptext7                   text7        000FEC
__ptext8                   text8        001010
__ptext9                   text9        00108C
__ramtop                   ramtop       000E00
__smallconst               smallconst   000E00
_errno                     bssCOMRAM    000026
_get16bitTMR0val           text3        0010A0
_incrementseconds          text1        001072
_main                      text0        000F68
btemp                      temp         000028
end_of_initialization      cinit        001060
get16bitTMR0val@b          cstackCOMRAM 000004
incrementseconds@seconds   cstackCOMRAM 00001C
int$flags                  temp         000028
intlevel0                  text         000000
intlevel1                  text         000000
intlevel2                  text         000000
intlevel3                  text         000000
isa$std                    (abs)        000001
isa$xinst                  (abs)        000000
main@seconds               cstackCOMRAM 00001E
main@timer                 cstackCOMRAM 000020
stackhi                    (abs)        000000
stacklo                    (abs)        000000
start                      init         000046
start_initialization       cinit        001054
ttemp5                     temp         000029
ttemp6                     temp         00002C
ttemp7                     temp         000030
wtemp8                     temp         000029


MODULE INFORMATION

Module		Function		Class		Link	Load	Size
timers.c
		_Timer0_init   		CODE           	1034	0000	32
		_get16bitTMR0val		CODE           	10A0	0000	18

timers.c estimated size: 50

interrupts.c
		_Interrupts_init		CODE           	10B2	0000	12
		_HighISR       		CODE           	0008	0000	62

interrupts.c estimated size: 74

LEDarray.c
		_incrementseconds		CODE           	1072	0000	26
		_LEDarray_init 		CODE           	0FC6	0000	38
		_LEDarray_disp_bin		CODE           	0E80	0000	232

LEDarray.c estimated size: 296

comparator.c
		_Comp1_inithigh		CODE           	0FEC	0000	36
		_DAC_init      		CODE           	108C	0000	20
		_Comp1_init    		CODE           	1010	0000	36

comparator.c estimated size: 92

shared
		_L5            		SMALLCONST     	0000	0000	0
		_P3            		SMALLCONST     	0000	0000	0
		_L6            		SMALLCONST     	0000	0000	0
		_P4            		SMALLCONST     	0000	0000	0
		_P5            		SMALLCONST     	0000	0000	0
		_lg2_l         		SMALLCONST     	0000	0000	0
		_ivln2_l       		SMALLCONST     	0000	0000	0
		_ivln2         		SMALLCONST     	0000	0000	0
		__initialization		CODE           	1054	0000	12
		_bp            		SMALLCONST     	0000	0000	0
		_cp            		SMALLCONST     	0000	0000	0
		_cp_h          		SMALLCONST     	0000	0000	0
		_dp_h          		SMALLCONST     	0000	0000	0
		_lg2           		SMALLCONST     	0000	0000	0
		_tiny@sqrtf$F1665		SMALLCONST     	0000	0000	0
		_lg2_h         		SMALLCONST     	0000	0000	0
		_ivln2_h       		SMALLCONST     	0000	0000	0
		_tiny          		SMALLCONST     	0000	0000	0
		_ovt           		SMALLCONST     	0000	0000	0
		_huge          		SMALLCONST     	0000	0000	0
		_two24         		SMALLCONST     	0000	0000	0
		_cp_l          		SMALLCONST     	0000	0000	0
		_dp_l          		SMALLCONST     	0000	0000	0
		_L1            		SMALLCONST     	0000	0000	0
		_L2            		SMALLCONST     	0000	0000	0
		_L3            		SMALLCONST     	0000	0000	0
		_P1            		SMALLCONST     	0000	0000	0
		_L4            		SMALLCONST     	0000	0000	0
		_P2            		SMALLCONST     	0000	0000	0

shared estimated size: 12

main.c
		_main          		CODE           	0F68	0000	94

main.c estimated size: 94

