Microchip MPLAB XC8 Compiler V2.40

Linker command line:

-W-3 \
  --edf=C:\Program Files\Microchip\xc8\v2.40\pic\dat\20220703182018_en.msgs \
  -cn \
  -h+dist/default/production\mini-project-energy-saving-areeb-atulit.X.production.sym \
  --cmf=dist/default/production\mini-project-energy-saving-areeb-atulit.X.production.cmf \
  -z -Q18F67K40 -oC:\Users\areeb\AppData\Local\Temp\xcAscds.4 \
  --defsym=__MPLAB_BUILD=1 --fixupoverflow=error \
  -Mdist/default/production/mini-project-energy-saving-areeb-atulit.X.production.map \
  --md=C:\Users\areeb\AppData\Local\Temp\xcAscds.dat -E1 -ver=XC8 Compiler \
  --acfsm=1493 -ACODE=00h-01FFFFh -ACONST=00h-01FFFFh \
  -ASMALLCONST=0E00h-0EFFhx498 -AMEDIUMCONST=0E00h-0FFFFh,010E00h-01FFFFh \
  -ACOMRAM=01h-05Fh -AABS1=00h-0DE9h -ABIGRAM=01h-0DE9h \
  -ARAM=060h-0FFh,0100h-01FFhx12,0D00h-0DE9h -ABANK0=060h-0FFh \
  -ABANK1=0100h-01FFh -ABANK2=0200h-02FFh -ABANK3=0300h-03FFh \
  -ABANK4=0400h-04FFh -ABANK5=0500h-05FFh -ABANK6=0600h-06FFh \
  -ABANK7=0700h-07FFh -ABANK8=0800h-08FFh -ABANK9=0900h-09FFh \
  -ABANK10=0A00h-0AFFh -ABANK11=0B00h-0BFFh -ABANK12=0C00h-0CFFh \
  -ABANK13=0D00h-0DE9h \
  -ASFR=0DEFh-0DFFh,0E00h-0EFFh,0F00h-0F5Fh,0F60h-0FFFh \
  -ABIGSFR=0DEFh-0FFFh -ACONFIG=0300000h-030000Bh -AIDLOC=0200000h-020000Fh \
  -AEEDATA=0310000h-03103FFh -peeprom_data=EEDATA \
  -preset_vec=00h,intcode=08h,intcodelo=018h,powerup,init -pramtop=0E00h \
  -psmallconst=SMALLCONST -pmediumconst=MEDIUMCONST -pconst=CONST \
  -AFARRAM=00h-00h \
  -prdata=COMRAM,nvrram=COMRAM,nvbit=COMRAM,rbss=COMRAM,rbit=COMRAM \
  -pfarbss=FARRAM,fardata=FARRAM,nvFARRAM=FARRAM \
  -pintsave_regs=BIGRAM,bigbss=BIGRAM,bigdata=BIGRAM -pbss=RAM \
  -pidata=CODE,irdata=CODE,ibigdata=CODE,ifardata=CODE -prparam=COMRAM \
  C:\Users\areeb\AppData\Local\Temp\xcAscds.o \
  dist/default/production\mini-project-energy-saving-areeb-atulit.X.production.o 

Object code version is 3.11

Machine type is 18F67K40



                Name                               Link     Load   Length Selector   Space Scale
C:\Users\areeb\AppData\Local\Temp\xcAscds.o
                idloc                            200000   200000       10        0       5
                config                           300000   300000        C        0       4
                init                                 A8       A8        4        C       0
                reset_vec                             0        0        4        0       0
dist/default/production\mini-project-energy-saving-areeb-atulit.X.production.o
                intcodelo                            18       18       90        C       0
                intcode                               8        8        6        4       0
                idloc                            200000   200000       10        0       5
                config                           300000   300000        C        0       4
                temp                                 55       55        1        1       1
                smallconst                          E00      E00       90      700       0
                intcode_body                       1F72     1F72       3C      748       0
                text37                             20FA     20FA       1A      748       0
                text36                             212C     212C       14      748       0
                text35                             20B6     20B6       24      748       0
                text34                             2092     2092       24      748       0
                text33                             2140     2140       12      748       0
                text32                             2152     2152        E      748       0
                text31                             1CB8     1CB8       68      748       0
                text30                             2016     2016       30      748       0
                text29                             18C4     18C4       A2      748       0
                text28                             1FE2     1FE2       34      748       0
                text27                             206C     206C       26      748       0
                text26                             20DA     20DA       20      748       0
                text25                             1EB4     1EB4       42      748       0
                text24                             1D20     1D20       5E      748       0
                text23                             164E     164E       E8      748       0
                text22                             1546     1546      108      748       0
                text21                             1F36     1F36       3C      748       0
                text20                             2160     2160        A      748       0
                text19                             2046     2046       26      748       0
                text18                             1C4A     1C4A       6E      748       0
                text17                             1BDC     1BDC       6E      748       0
                text16                             1FAE     1FAE       34      748       0
                text15                             1AF8     1AF8       74      748       0
                text14                             110C     110C      188      748       0
                text13                             1294     1294      164      748       0
                text12                             1EF6     1EF6       40      748       0
                text11                             216A     216A        2      748       0
                text10                             1736     1736       CA      748       0
                text9                              1E70     1E70       44      748       0
                text8                              1A7E     1A7E       7A      748       0
                text7                               E90      E90      27C      748       0
                text6                              13F8     13F8      14E      748       0
                text5                              1E20     1E20       50      748       0
                text4                              1D7E     1D7E       52      748       0
                text3                              19FE     19FE       80      748       0
                text2                              1800     1800       C4      748       0
                text1                              1B6C     1B6C       70      748       0
                text0                              1966     1966       98      748       0
                cstackCOMRAM                          1        1       4F        1       1
                cstackBANK0                          60       60       39       60       1
                cstackBANK1                         100      100       64      100       1
                dataBANK1                           188      188       18      100       1
                bssBANK1                            164      164       24      100       1
                bssBANK0                             99       99        A       60       1
                bssCOMRAM                            50       50        3        1       1
                cinit                              1DD0     1DD0       50      748       0
                nvBANK1                             1A0      1A0        6      100       1
                nvBANK0                              A3       A3        2       60       1
                nvCOMRAM                             53       53        2        1       1
                idataBANK1                         2114     2114       18      748       0

TOTAL           Name                               Link     Load   Length     Space
        CLASS   CODE           
                intcodelo                            18       18       90         0
                intcode                               8        8        6         0
                init                                 A8       A8        4         0
                reset_vec                             0        0        4         0
                intcode_body                       1F72     1F72       3C         0
                text37                             20FA     20FA       1A         0
                text36                             212C     212C       14         0
                text35                             20B6     20B6       24         0
                text34                             2092     2092       24         0
                text33                             2140     2140       12         0
                text32                             2152     2152        E         0
                text31                             1CB8     1CB8       68         0
                text30                             2016     2016       30         0
                text29                             18C4     18C4       A2         0
                text28                             1FE2     1FE2       34         0
                text27                             206C     206C       26         0
                text26                             20DA     20DA       20         0
                text25                             1EB4     1EB4       42         0
                text24                             1D20     1D20       5E         0
                text23                             164E     164E       E8         0
                text22                             1546     1546      108         0
                text21                             1F36     1F36       3C         0
                text20                             2160     2160        A         0
                text19                             2046     2046       26         0
                text18                             1C4A     1C4A       6E         0
                text17                             1BDC     1BDC       6E         0
                text16                             1FAE     1FAE       34         0
                text15                             1AF8     1AF8       74         0
                text14                             110C     110C      188         0
                text13                             1294     1294      164         0
                text12                             1EF6     1EF6       40         0
                text11                             216A     216A        2         0
                text10                             1736     1736       CA         0
                text9                              1E70     1E70       44         0
                text8                              1A7E     1A7E       7A         0
                text7                               E90      E90      27C         0
                text6                              13F8     13F8      14E         0
                text5                              1E20     1E20       50         0
                text4                              1D7E     1D7E       52         0
                text3                              19FE     19FE       80         0
                text2                              1800     1800       C4         0
                text1                              1B6C     1B6C       70         0
                text0                              1966     1966       98         0
                cinit                              1DD0     1DD0       50         0
                idataBANK1                         2114     2114       18         0

        CLASS   CONST          

        CLASS   SMALLCONST     
                smallconst                          E00      E00       90         0

        CLASS   MEDIUMCONST    

        CLASS   COMRAM         
                temp                                 55       55        1         1
                cstackCOMRAM                          1        1       4F         1
                bssCOMRAM                            50       50        3         1
                nvCOMRAM                             53       53        2         1

        CLASS   ABS1           

        CLASS   BIGRAM         

        CLASS   RAM            

        CLASS   BANK0          
                cstackBANK0                          60       60       39         1
                bssBANK0                             99       99        A         1
                nvBANK0                              A3       A3        2         1

        CLASS   BANK1          
                cstackBANK1                         100      100       64         1
                dataBANK1                           188      188       18         1
                bssBANK1                            164      164       24         1
                nvBANK1                             1A0      1A0        6         1

        CLASS   BANK2          

        CLASS   BANK3          

        CLASS   BANK4          

        CLASS   BANK5          

        CLASS   BANK6          

        CLASS   BANK7          

        CLASS   BANK8          

        CLASS   BANK9          

        CLASS   BANK10         

        CLASS   BANK11         

        CLASS   BANK12         

        CLASS   BANK13         

        CLASS   SFR            

        CLASS   BIGSFR         

        CLASS   CONFIG         
                config                           300000   300000        C         4

        CLASS   IDLOC          
                idloc                            200000   200000       10         5

        CLASS   EEDATA         

        CLASS   FARRAM         

        CLASS   HEAP           

        CLASS   STACK          



SEGMENTS        Name                           Load    Length   Top    Selector   Space  Class

                reset_vec                      000000  000004  000004         0       0  CODE    
                cstackCOMRAM                   000001  000055  000056         1       1  COMRAM  
                intcode                        000008  000006  00000E         4       0  CODE    
                intcodelo                      000018  000094  0000AC         C       0  CODE    
                cstackBANK0                    000060  000045  0000A5        60       1  BANK0   
                cstackBANK1                    000100  0000A6  0001A6       100       1  BANK1   
                smallconst                     000E00  000090  000E90       700       0  SMALLCON
                text7                          000E90  0012DC  00216C       748       0  CODE    


UNUSED ADDRESS RANGES

        Name                Unused          Largest block    Delta
        BANK0            0000A5-0000FF               5B
        BANK1            0001A6-0001FF               5A
        BANK10           000A00-000AFF              100
        BANK11           000B00-000BFF              100
        BANK12           000C00-000CFF              100
        BANK13           000D00-000DE9               EA
        BANK2            000200-0002FF              100
        BANK3            000300-0003FF              100
        BANK4            000400-0004FF              100
        BANK5            000500-0005FF              100
        BANK6            000600-0006FF              100
        BANK7            000700-0007FF              100
        BANK8            000800-0008FF              100
        BANK9            000900-0009FF              100
        BIGRAM           000056-00005F                A
                         0000A5-0000FF               5B
                         0001A6-000DE9              C44
        BIGSFR           000DEF-000FFF              211
        CODE             000004-000007                4
                         00000E-000017                A
                         0000AC-000DFF              D54
                         00216C-01FFFF            1DE94
        COMRAM           000056-00005F                A
        CONST            000004-000007                4
                         00000E-000017                A
                         0000AC-000DFF              D54
                         00216C-01FFFF            1DE94
        EEDATA           310000-3103FF              400
        MEDIUMCONST      00216C-00FFFF             DE94
                         010E00-01FFFF             F200
        RAM              0000A5-0000FF               5B
                         0001A6-000DE9              100
        SFR              000DEF-000FFF              100
        SMALLCONST       00216C-01FFFF              100

                                  Symbol Table

?___aodiv                        cstackCOMRAM 000006
?___aomod                        cstackCOMRAM 000006
?___awdiv                        cstackCOMRAM 000006
?___lwdiv                        cstackCOMRAM 000006
?___wmul                         cstackCOMRAM 000006
?_abs                            cstackCOMRAM 000018
?_sprintf                        cstackBANK0  000070
?_sunrise                        cstackCOMRAM 00000C
?_sunset                         cstackCOMRAM 00000C
?_vfprintf                       cstackBANK0  00006A
LCD_sendbyte@Byte                cstackCOMRAM 000008
LCD_sendbyte@type                cstackCOMRAM 000007
LCD_sendnibble@number            cstackCOMRAM 000006
LCD_sendstring@string            cstackCOMRAM 000009
LCD_setline@line                 cstackCOMRAM 000009
LEDarray_disp_bin@ctr            cstackCOMRAM 00001E
LEDarray_disp_bin@led_arr        cstackCOMRAM 00000A
LEDarray_disp_bin@mask           cstackCOMRAM 00001C
LEDarray_disp_bin@number         cstackCOMRAM 000006
_ADCON0bits                      (abs)        000F60
_ADC_init                        text37       0020FA
_ADPCH                           (abs)        000F5F
_ADREFbits                       (abs)        000F58
_ADRESH                          (abs)        000F64
_ANSELAbits                      (abs)        000E92
_CM1CON0bits                     (abs)        000ED0
_CM1CON1bits                     (abs)        000ED1
_CM1NCHbits                      (abs)        000ED2
_CM1PCHbits                      (abs)        000ED3
_Comp1_init_falling_edge         text35       0020B6
_Comp1_init_rising_edge          text34       002092
_DAC1CON0bits                    (abs)        000EC6
_DAC1CON1bits                    (abs)        000EC7
_DAC_init                        text36       00212C
_HighISR                         intcode      000008
_INTCONbits                      (abs)        000FF2
_IPR0bits                        (abs)        000E1F
_IPR2bits                        (abs)        000E21
_Interrupts_init                 text33       002140
_LATAbits                        (abs)        000F79
_LATBbits                        (abs)        000F7A
_LATCbits                        (abs)        000F7B
_LATDbits                        (abs)        000F7C
_LATEbits                        (abs)        000F7D
_LATFbits                        (abs)        000F7E
_LATGbits                        (abs)        000F7F
_LATHbits                        (abs)        000F80
_LCD_E_TOG                       text32       002152
_LCD_Init                        text29       0018C4
_LCD_sendbyte                    text30       002016
_LCD_sendnibble                  text31       001CB8
_LCD_sendstring                  text16       001FAE
_LCD_setline                     text28       001FE2
_LEDarray_disp_bin               text23       00164E
_LEDarray_init                   text27       00206C
_LowISR                          intcodelo    000018
_PIE0bits                        (abs)        000E29
_PIE2bits                        (abs)        000E2B
_PIR0bits                        (abs)        000E33
_PIR2bits                        (abs)        000E35
_T0CON0bits                      (abs)        000FD5
_T0CON1bits                      (abs)        000FD6
_TMR0H                           (abs)        000FD4
_TMR0L                           (abs)        000FD3
_TRISAbits                       (abs)        000F81
_TRISBbits                       (abs)        000F82
_TRISCbits                       (abs)        000F83
_TRISDbits                       (abs)        000F84
_TRISEbits                       (abs)        000F85
_TRISFbits                       (abs)        000F86
_TRISGbits                       (abs)        000F87
_TRISHbits                       (abs)        000F88
_Timer0_init                     text26       0020DA
__HRAM                           (abs)        000000
__Habs1                          abs1         000000
__Hbank0                         bank0        000000
__Hbank1                         bank1        000000
__Hbank10                        bank10       000000
__Hbank11                        bank11       000000
__Hbank12                        bank12       000000
__Hbank13                        bank13       000000
__Hbank2                         bank2        000000
__Hbank3                         bank3        000000
__Hbank4                         bank4        000000
__Hbank5                         bank5        000000
__Hbank6                         bank6        000000
__Hbank7                         bank7        000000
__Hbank8                         bank8        000000
__Hbank9                         bank9        000000
__Hbigbss                        bigbss       000000
__Hbigdata                       bigdata      000000
__Hbigram                        bigram       000000
__Hbigsfr                        bigsfr       000000
__Hbss                           bss          000000
__HbssBANK0                      bssBANK0     000000
__HbssBANK1                      bssBANK1     000000
__HbssCOMRAM                     bssCOMRAM    000000
__Hcinit                         cinit        000000
__Hclrtext                       clrtext      000000
__Hcomram                        comram       000000
__Hconfig                        config       30000C
__Hconst                         const        000000
__HcstackBANK0                   cstackBANK0  000000
__HcstackBANK1                   cstackBANK1  000000
__HcstackCOMRAM                  cstackCOMRAM 000000
__Hdata                          data         000000
__HdataBANK1                     dataBANK1    000000
__Heeprom_data                   eeprom_data  000000
__Hfarbss                        farbss       000000
__Hfardata                       fardata      000000
__Hheap                          heap         000000
__Hibigdata                      ibigdata     000000
__Hidata                         idata        000000
__HidataBANK1                    idataBANK1   000000
__Hidloc                         idloc        200010
__Hifardata                      ifardata     000000
__Hinit                          init         0000AC
__Hintcode                       intcode      00000E
__Hintcode_body                  intcode_body 000000
__Hintcodelo                     intcodelo    0000A8
__Hintentry                      intentry     000000
__Hintret                        intret       000000
__Hintsave_regs                  intsave_regs 000000
__Hirdata                        irdata       000000
__Hmediumconst                   mediumconst  000000
__HnvBANK0                       nvBANK0      000000
__HnvBANK1                       nvBANK1      000000
__HnvCOMRAM                      nvCOMRAM     000000
__HnvFARRAM                      nvFARRAM     000000
__Hnvbit                         nvbit        000000
__Hnvrram                        nvrram       000000
__Hparam                         rparam       000000
__Hpowerup                       powerup      0000A8
__Hram                           ram          000000
__Hramtop                        ramtop       000E00
__Hrbit                          rbit         000000
__Hrbss                          rbss         000000
__Hrdata                         rdata        000000
__Hreset_vec                     reset_vec    000004
__Hrparam                        rparam       000000
__Hsfr                           sfr          000000
__Hsmallconst                    smallconst   000E90
__Hspace_0                       (abs)        00216C
__Hspace_1                       (abs)        0001A6
__Hspace_2                       (abs)        000000
__Hspace_4                       (abs)        60000C
__Hstack                         stack        000000
__Hstruct                        struct       000000
__Htemp                          temp         000056
__Htext                          text         000000
__Htext0                         text0        000000
__Htext1                         text1        000000
__Htext10                        text10       000000
__Htext11                        text11       000000
__Htext12                        text12       000000
__Htext13                        text13       000000
__Htext14                        text14       000000
__Htext15                        text15       000000
__Htext16                        text16       000000
__Htext17                        text17       000000
__Htext18                        text18       000000
__Htext19                        text19       000000
__Htext2                         text2        000000
__Htext20                        text20       000000
__Htext21                        text21       000000
__Htext22                        text22       000000
__Htext23                        text23       000000
__Htext24                        text24       000000
__Htext25                        text25       000000
__Htext26                        text26       000000
__Htext27                        text27       000000
__Htext28                        text28       000000
__Htext29                        text29       000000
__Htext3                         text3        000000
__Htext30                        text30       000000
__Htext31                        text31       000000
__Htext32                        text32       000000
__Htext33                        text33       000000
__Htext34                        text34       000000
__Htext35                        text35       000000
__Htext36                        text36       000000
__Htext37                        text37       000000
__Htext4                         text4        000000
__Htext5                         text5        000000
__Htext6                         text6        000000
__Htext7                         text7        000000
__Htext8                         text8        000000
__Htext9                         text9        000000
__LRAM                           (abs)        000001
__Labs1                          abs1         000000
__Lbank0                         bank0        000000
__Lbank1                         bank1        000000
__Lbank10                        bank10       000000
__Lbank11                        bank11       000000
__Lbank12                        bank12       000000
__Lbank13                        bank13       000000
__Lbank2                         bank2        000000
__Lbank3                         bank3        000000
__Lbank4                         bank4        000000
__Lbank5                         bank5        000000
__Lbank6                         bank6        000000
__Lbank7                         bank7        000000
__Lbank8                         bank8        000000
__Lbank9                         bank9        000000
__Lbigbss                        bigbss       000000
__Lbigdata                       bigdata      000000
__Lbigram                        bigram       000000
__Lbigsfr                        bigsfr       000000
__Lbss                           bss          000000
__LbssBANK0                      bssBANK0     000000
__LbssBANK1                      bssBANK1     000000
__LbssCOMRAM                     bssCOMRAM    000000
__Lcinit                         cinit        000000
__Lclrtext                       clrtext      000000
__Lcomram                        comram       000000
__Lconfig                        config       000000
__Lconst                         const        000000
__LcstackBANK0                   cstackBANK0  000000
__LcstackBANK1                   cstackBANK1  000000
__LcstackCOMRAM                  cstackCOMRAM 000000
__Ldata                          data         000000
__LdataBANK1                     dataBANK1    000000
__Leeprom_data                   eeprom_data  000000
__Lfarbss                        farbss       000000
__Lfardata                       fardata      000000
__Lheap                          heap         000000
__Libigdata                      ibigdata     000000
__Lidata                         idata        000000
__LidataBANK1                    idataBANK1   000000
__Lidloc                         idloc        000000
__Lifardata                      ifardata     000000
__Linit                          init         0000A8
__Lintcode                       intcode      000008
__Lintcode_body                  intcode_body 000000
__Lintcodelo                     intcodelo    000018
__Lintentry                      intentry     000000
__Lintret                        intret       000000
__Lintsave_regs                  intsave_regs 000000
__Lirdata                        irdata       000000
__Lmediumconst                   mediumconst  000000
__LnvBANK0                       nvBANK0      000000
__LnvBANK1                       nvBANK1      000000
__LnvCOMRAM                      nvCOMRAM     000000
__LnvFARRAM                      nvFARRAM     000000
__Lnvbit                         nvbit        000000
__Lnvrram                        nvrram       000000
__Lparam                         rparam       000000
__Lpowerup                       powerup      0000A8
__Lram                           ram          000000
__Lramtop                        ramtop       000E00
__Lrbit                          rbit         000000
__Lrbss                          rbss         000000
__Lrdata                         rdata        000000
__Lreset_vec                     reset_vec    000000
__Lrparam                        rparam       000000
__Lsfr                           sfr          000000
__Lsmallconst                    smallconst   000E00
__Lspace_0                       (abs)        000000
__Lspace_1                       (abs)        000000
__Lspace_2                       (abs)        000000
__Lspace_4                       (abs)        000000
__Lstack                         stack        000000
__Lstruct                        struct       000000
__Ltemp                          temp         000055
__Ltext                          text         000000
__Ltext0                         text0        000000
__Ltext1                         text1        000000
__Ltext10                        text10       000000
__Ltext11                        text11       000000
__Ltext12                        text12       000000
__Ltext13                        text13       000000
__Ltext14                        text14       000000
__Ltext15                        text15       000000
__Ltext16                        text16       000000
__Ltext17                        text17       000000
__Ltext18                        text18       000000
__Ltext19                        text19       000000
__Ltext2                         text2        000000
__Ltext20                        text20       000000
__Ltext21                        text21       000000
__Ltext22                        text22       000000
__Ltext23                        text23       000000
__Ltext24                        text24       000000
__Ltext25                        text25       000000
__Ltext26                        text26       000000
__Ltext27                        text27       000000
__Ltext28                        text28       000000
__Ltext29                        text29       000000
__Ltext3                         text3        000000
__Ltext30                        text30       000000
__Ltext31                        text31       000000
__Ltext32                        text32       000000
__Ltext33                        text33       000000
__Ltext34                        text34       000000
__Ltext35                        text35       000000
__Ltext36                        text36       000000
__Ltext37                        text37       000000
__Ltext4                         text4        000000
__Ltext5                         text5        000000
__Ltext6                         text6        000000
__Ltext7                         text7        000000
__Ltext8                         text8        000000
__Ltext9                         text9        000000
__S0                             (abs)        00216C
__S1                             (abs)        0001A6
__S4                             (abs)        000000
__S5                             (abs)        000000
___aodiv                         text14       00110C
___aodiv@counter                 cstackCOMRAM 000016
___aodiv@dividend                cstackCOMRAM 000006
___aodiv@divisor                 cstackCOMRAM 00000E
___aodiv@quotient                cstackCOMRAM 000018
___aodiv@sign                    cstackCOMRAM 000017
___aomod                         text13       001294
___aomod@counter                 cstackCOMRAM 000016
___aomod@dividend                cstackCOMRAM 000006
___aomod@divisor                 cstackCOMRAM 00000E
___aomod@sign                    cstackCOMRAM 000017
___awdiv                         text2        001800
___awdiv@counter                 cstackCOMRAM 00000A
___awdiv@dividend                cstackCOMRAM 000006
___awdiv@divisor                 cstackCOMRAM 000008
___awdiv@quotient                cstackCOMRAM 00000C
___awdiv@sign                    cstackCOMRAM 00000B
___heap_hi                       (abs)        000000
___heap_lo                       (abs)        000000
___inthi_sp                      stack        000000
___intlo_sp                      stack        000000
___lwdiv                         text15       001AF8
___lwdiv@counter                 cstackCOMRAM 00000A
___lwdiv@dividend                cstackCOMRAM 000006
___lwdiv@divisor                 cstackCOMRAM 000008
___lwdiv@quotient                cstackCOMRAM 00000B
___param_bank                    (abs)        000000
___rparam_used                   (abs)        000001
___sp                            stack        000000
___wmul                          text19       002046
___wmul@multiplicand             cstackCOMRAM 000008
___wmul@multiplier               cstackCOMRAM 000006
___wmul@product                  cstackCOMRAM 00000A
__accesstop                      (abs)        000060
__activetblptr                   (abs)        000001
__end_of_ADC_init                text37       002114
__end_of_Comp1_init_falling_edge text35       0020DA
__end_of_Comp1_init_rising_edge  text34       0020B6
__end_of_DAC_init                text36       002140
__end_of_HighISR                 intcode_body 001FAE
__end_of_Interrupts_init         text33       002152
__end_of_L1                      smallconst   000E5D
__end_of_L2                      smallconst   000E59
__end_of_L3                      smallconst   000E55
__end_of_L4                      smallconst   000E51
__end_of_L5                      smallconst   000E4D
__end_of_L6                      smallconst   000E49
__end_of_LCD_E_TOG               text32       002160
__end_of_LCD_Init                text29       001966
__end_of_LCD_sendbyte            text30       002046
__end_of_LCD_sendnibble          text31       001D20
__end_of_LCD_sendstring          text16       001FE2
__end_of_LCD_setline             text28       002016
__end_of_LEDarray_disp_bin       text23       001736
__end_of_LEDarray_init           text27       002092
__end_of_LowISR                  intcodelo    0000A8
__end_of_P1                      smallconst   000E45
__end_of_P2                      smallconst   000E41
__end_of_P3                      smallconst   000E3D
__end_of_P4                      smallconst   000E39
__end_of_P5                      smallconst   000E35
__end_of_Timer0_init             text26       0020FA
__end_of___aodiv                 text14       001294
__end_of___aomod                 text13       0013F8
__end_of___awdiv                 text2        0018C4
__end_of___lwdiv                 text15       001B6C
__end_of___wmul                  text19       00206C
__end_of__initialization         cinit        001E0E
__end_of_abs                     text12       001F36
__end_of_bp                      smallconst   000E71
__end_of_cp                      smallconst   000E21
__end_of_cp_h                    smallconst   000E7D
__end_of_cp_l                    smallconst   000E79
__end_of_day1_init               text25       001EF6
__end_of_daylightsavings         text24       001D7E
__end_of_dp_h                    smallconst   000E11
__end_of_dp_l                    smallconst   000E09
__end_of_dtoa                    text7        00110C
__end_of_fputc                   text10       001800
__end_of_fputs                   text9        001EB4
__end_of_huge                    smallconst   000E65
__end_of_increment               text22       00164E
__end_of_ivln2                   smallconst   000E1D
__end_of_ivln2_h                 smallconst   000E75
__end_of_ivln2_l                 smallconst   000E19
__end_of_lg2                     smallconst   000E31
__end_of_lg2_h                   smallconst   000E2D
__end_of_lg2_l                   smallconst   000E29
__end_of_main                    text0        0019FE
__end_of_ovt                     smallconst   000E25
__end_of_pad                     text8        001AF8
__end_of_poweroff                text21       001F72
__end_of_putch                   text11       00216C
__end_of_sprintf                 text4        001DD0
__end_of_streetLightInit         text20       00216A
__end_of_sunrise                 text18       001CB8
__end_of_sunset                  text17       001C4A
__end_of_time2String             text3        001A7E
__end_of_timeadjuster            text1        001BDC
__end_of_tiny                    smallconst   000E61
__end_of_tiny@sqrtf$F2315        smallconst   000E15
__end_of_two24                   smallconst   000E69
__end_of_vfpfcnvrt               text6        001546
__end_of_vfprintf                text5        001E70
__initialization                 cinit        001DD0
__mediumconst                    mediumconst  000000
__pbssBANK0                      bssBANK0     000099
__pbssBANK1                      bssBANK1     000164
__pbssCOMRAM                     bssCOMRAM    000050
__pcinit                         cinit        001DD0
__pcstackBANK0                   cstackBANK0  000060
__pcstackBANK1                   cstackBANK1  000100
__pcstackCOMRAM                  cstackCOMRAM 000001
__pdataBANK1                     dataBANK1    000188
__pidataBANK1                    idataBANK1   002114
__pintcode                       intcode      000008
__pintcode_body                  intcode_body 001F72
__pintcodelo                     intcodelo    000018
__pnvBANK0                       nvBANK0      0000A3
__pnvBANK1                       nvBANK1      0001A0
__pnvCOMRAM                      nvCOMRAM     000053
__psmallconst                    smallconst   000E00
__ptext0                         text0        001966
__ptext1                         text1        001B6C
__ptext10                        text10       001736
__ptext11                        text11       00216A
__ptext12                        text12       001EF6
__ptext13                        text13       001294
__ptext14                        text14       00110C
__ptext15                        text15       001AF8
__ptext16                        text16       001FAE
__ptext17                        text17       001BDC
__ptext18                        text18       001C4A
__ptext19                        text19       002046
__ptext2                         text2        001800
__ptext20                        text20       002160
__ptext21                        text21       001F36
__ptext22                        text22       001546
__ptext23                        text23       00164E
__ptext24                        text24       001D20
__ptext25                        text25       001EB4
__ptext26                        text26       0020DA
__ptext27                        text27       00206C
__ptext28                        text28       001FE2
__ptext29                        text29       0018C4
__ptext3                         text3        0019FE
__ptext30                        text30       002016
__ptext31                        text31       001CB8
__ptext32                        text32       002152
__ptext33                        text33       002140
__ptext34                        text34       002092
__ptext35                        text35       0020B6
__ptext36                        text36       00212C
__ptext37                        text37       0020FA
__ptext4                         text4        001D7E
__ptext5                         text5        001E20
__ptext6                         text6        0013F8
__ptext7                         text7        000E90
__ptext8                         text8        001A7E
__ptext9                         text9        001E70
__ramtop                         ramtop       000E00
__smallconst                     smallconst   000E00
_abs                             text12       001EF6
_comp_check                      bssBANK0     00009D
_day1_init                       text25       001EB4
_day_of_month                    nvBANK1      0001A2
_day_of_week                     nvCOMRAM     000053
_day_of_year                     nvBANK1      0001A4
_daylightsavings                 text24       001D20
_dbuf                            bssBANK1     000168
_dtoa                            text7        000E90
_dtoa$2130                       cstackCOMRAM 000033
_errno                           bssBANK0     000099
_flags                           bssCOMRAM    000052
_fputc                           text10       001736
_fputs                           text9        001E70
_hour                            bssBANK0     00009F
_increment                       text22       001546
_main                            text0        001966
_month                           dataBANK1    000188
_month_num                       nvBANK0      0000A3
_pad                             text8        001A7E
_poweroff                        text21       001F36
_prec                            bssCOMRAM    000050
_putch                           text11       00216A
_seconds                         bssBANK0     0000A1
_sprintf                         text4        001D7E
_streetLightInit                 text20       002160
_sunrise                         text18       001C4A
_sunset                          text17       001BDC
_time2String                     text3        0019FE
_timeadjuster                    text1        001B6C
_vfpfcnvrt                       text6        0013F8
_vfprintf                        text5        001E20
_width                           bssBANK0     00009B
_year                            nvBANK1      0001A0
abs@a                            cstackCOMRAM 000018
btemp                            temp         000055
dtoa@d                           cstackCOMRAM 000023
dtoa@fp                          cstackCOMRAM 000021
dtoa@i                           cstackCOMRAM 000042
dtoa@n                           cstackCOMRAM 000039
dtoa@p                           cstackCOMRAM 000035
dtoa@s                           cstackCOMRAM 000041
dtoa@w                           cstackCOMRAM 000037
end_of_initialization            cinit        001E0E
fabsf@F465                       bssBANK1     000164
fputc@c                          cstackCOMRAM 000006
fputc@fp                         cstackCOMRAM 000008
fputs@c                          cstackCOMRAM 000013
fputs@fp                         cstackCOMRAM 000011
fputs@i                          cstackCOMRAM 000014
fputs@s                          cstackCOMRAM 00000F
int$flags                        temp         000055
int_func                         intcode_body 001F72
intlevel0                        text         000000
intlevel1                        text         000000
intlevel2                        text         000000
intlevel3                        text         000000
isa$std                          (abs)        000001
isa$xinst                        (abs)        000000
main@strdate                     cstackBANK1  000100
pad@buf                          cstackCOMRAM 000018
pad@fp                           cstackCOMRAM 000016
pad@i                            cstackCOMRAM 00001D
pad@p                            cstackCOMRAM 00001A
pad@w                            cstackCOMRAM 00001F
sprintf@ap                       cstackBANK0  000080
sprintf@f                        cstackBANK0  000082
sprintf@fmt                      cstackBANK0  000072
sprintf@s                        cstackBANK0  000070
stackhi                          (abs)        000000
stacklo                          (abs)        000000
start                            init         0000A8
start_initialization             cinit        001DD0
sunrise@prevState                cstackCOMRAM 00000F
sunrise@sunrise_time             cstackCOMRAM 000011
sunset@prevState                 cstackCOMRAM 00000F
sunset@sunset_time               cstackCOMRAM 000011
time2String@buf                  cstackBANK0  00008D
time2String@d                    cstackBANK0  000093
time2String@h                    cstackBANK0  00008F
time2String@m                    cstackBANK0  000095
time2String@s                    cstackBANK0  000091
time2String@y                    cstackBANK0  000097
timeadjuster@adjustment          cstackCOMRAM 000019
timeadjuster@solarnoon           cstackCOMRAM 000017
timeadjuster@sunrise_time        cstackCOMRAM 000013
timeadjuster@sunset_time         cstackCOMRAM 000015
ttemp5                           temp         000056
ttemp6                           temp         000059
ttemp7                           temp         00005D
vfpfcnvrt@ap                     cstackCOMRAM 000048
vfpfcnvrt@convarg                cstackBANK0  000060
vfpfcnvrt@cp                     cstackBANK0  000068
vfpfcnvrt@fmt                    cstackCOMRAM 000046
vfpfcnvrt@fp                     cstackCOMRAM 000044
vfprintf@ap                      cstackBANK0  00006E
vfprintf@cfmt                    cstackCOMRAM 00004C
vfprintf@fmt                     cstackBANK0  00006C
vfprintf@fp                      cstackBANK0  00006A
wtemp8                           temp         000056


MODULE INFORMATION

Module		Function		Class		Link	Load	Size
C:\Program Files\Microchip\xc8\v2.40\pic\sources\c99\common\nf_fputc.c
		_fputc         		CODE           	1736	0000	202

C:\Program Files\Microchip\xc8\v2.40\pic\sources\c99\common\nf_fputc.c estimated size: 202

timers.c
		_Timer0_init   		CODE           	20DA	0000	32

timers.c estimated size: 32

C:\Program Files\Microchip\xc8\v2.40\pic\sources\c99\common\nf_sprintf.c
		_sprintf       		CODE           	1D7E	0000	82

C:\Program Files\Microchip\xc8\v2.40\pic\sources\c99\common\nf_sprintf.c estimated size: 82

C:\Program Files\Microchip\xc8\v2.40\pic\sources\c99\common\lwdiv.c
		___lwdiv       		CODE           	1AF8	0000	116

C:\Program Files\Microchip\xc8\v2.40\pic\sources\c99\common\lwdiv.c estimated size: 116

C:\Program Files\Microchip\xc8\v2.40\pic\sources\c99\common\awdiv.c
		___awdiv       		CODE           	1800	0000	196

C:\Program Files\Microchip\xc8\v2.40\pic\sources\c99\common\awdiv.c estimated size: 196

C:\Program Files\Microchip\xc8\v2.40\pic\sources\c99\common\Umul16.c
		___wmul        		CODE           	2046	0000	38

C:\Program Files\Microchip\xc8\v2.40\pic\sources\c99\common\Umul16.c estimated size: 38

interrupts.c
		_LowISR        		CODE           	0018	0000	144
		_Interrupts_init		CODE           	2140	0000	18
		_HighISR       		CODE           	0008	0000	66

interrupts.c estimated size: 228

C:\Program Files\Microchip\xc8\v2.40\pic\sources\c99\common\abs.c
		_abs           		CODE           	1EF6	0000	64

C:\Program Files\Microchip\xc8\v2.40\pic\sources\c99\common\abs.c estimated size: 64

LEDarray.c
		_LEDarray_init 		CODE           	206C	0000	38
		_LEDarray_disp_bin		CODE           	164E	0000	232

LEDarray.c estimated size: 270

comparator.c
		_Comp1_init_falling_edge		CODE           	20B6	0000	36
		_DAC_init      		CODE           	212C	0000	20
		_Comp1_init_rising_edge		CODE           	2092	0000	36

comparator.c estimated size: 92

Functions.c
		_timeadjuster  		CODE           	1B6C	0000	112
		_daylightsavings		CODE           	1D20	0000	94
		_poweroff      		CODE           	1F36	0000	60
		_sunrise       		CODE           	1C4A	0000	110
		_streetLightInit		CODE           	2160	0000	10
		_sunset        		CODE           	1BDC	0000	110
		_day1_init     		CODE           	1EB4	0000	66
		_increment     		CODE           	1546	0000	264

Functions.c estimated size: 826

C:\Program Files\Microchip\xc8\v2.40\pic\sources\c99\common\nf_fputs.c
		_fputs         		CODE           	1E70	0000	68

C:\Program Files\Microchip\xc8\v2.40\pic\sources\c99\common\nf_fputs.c estimated size: 68

C:\Program Files\Microchip\xc8\v2.40\pic\sources\c99\common\aomod.c
		___aomod       		CODE           	1294	0000	356

C:\Program Files\Microchip\xc8\v2.40\pic\sources\c99\common\aomod.c estimated size: 356

shared
		_L5            		SMALLCONST     	0000	0000	0
		_P3            		SMALLCONST     	0000	0000	0
		_L6            		SMALLCONST     	0000	0000	0
		_P4            		SMALLCONST     	0000	0000	0
		_P5            		SMALLCONST     	0000	0000	0
		_lg2_l         		SMALLCONST     	0000	0000	0
		_ivln2_l       		SMALLCONST     	0000	0000	0
		_ivln2         		SMALLCONST     	0000	0000	0
		__initialization		CODE           	1DD0	0000	62
		_bp            		SMALLCONST     	0000	0000	0
		_cp            		SMALLCONST     	0000	0000	0
		_cp_h          		SMALLCONST     	0000	0000	0
		_dp_h          		SMALLCONST     	0000	0000	0
		_tiny@sqrtf$F2315		SMALLCONST     	0000	0000	0
		_lg2           		SMALLCONST     	0000	0000	0
		_lg2_h         		SMALLCONST     	0000	0000	0
		_ivln2_h       		SMALLCONST     	0000	0000	0
		_tiny          		SMALLCONST     	0000	0000	0
		_ovt           		SMALLCONST     	0000	0000	0
		_huge          		SMALLCONST     	0000	0000	0
		_two24         		SMALLCONST     	0000	0000	0
		_cp_l          		SMALLCONST     	0000	0000	0
		_dp_l          		SMALLCONST     	0000	0000	0
		_L1            		SMALLCONST     	0000	0000	0
		_L2            		SMALLCONST     	0000	0000	0
		_L3            		SMALLCONST     	0000	0000	0
		_P1            		SMALLCONST     	0000	0000	0
		_L4            		SMALLCONST     	0000	0000	0
		_P2            		SMALLCONST     	0000	0000	0

shared estimated size: 62

ADC.c
		_ADC_init      		CODE           	20FA	0000	26

ADC.c estimated size: 26

C:\Program Files\Microchip\xc8\v2.40\pic\sources\c99\common\putch.c
		_putch         		CODE           	216A	0000	2

C:\Program Files\Microchip\xc8\v2.40\pic\sources\c99\common\putch.c estimated size: 2

C:\Program Files\Microchip\xc8\v2.40\pic\sources\c99\common\doprnt.c
		_vfpfcnvrt     		CODE           	13F8	0000	334
		_pad           		CODE           	1A7E	0000	122
		_dtoa          		CODE           	0E90	0000	636
		_vfprintf      		CODE           	1E20	0000	80

C:\Program Files\Microchip\xc8\v2.40\pic\sources\c99\common\doprnt.c estimated size: 1172

main.c
		_main          		CODE           	1966	0000	152

main.c estimated size: 152

C:\Program Files\Microchip\xc8\v2.40\pic\sources\c99\common\aodiv.c
		___aodiv       		CODE           	110C	0000	392

C:\Program Files\Microchip\xc8\v2.40\pic\sources\c99\common\aodiv.c estimated size: 392

LCD.c
		_LCD_Init      		CODE           	18C4	0000	162
		_LCD_sendbyte  		CODE           	2016	0000	48
		_LCD_E_TOG     		CODE           	2152	0000	14
		_LCD_setline   		CODE           	1FE2	0000	52
		_LCD_sendnibble		CODE           	1CB8	0000	104
		_LCD_sendstring		CODE           	1FAE	0000	52
		_time2String   		CODE           	19FE	0000	128

LCD.c estimated size: 560

